// Jest Snapshot v1, https://goo.gl/fbAQLP

exports[`Index (Onboarding) Screen with react-test-renderer should match the snapshot 1`] = `null`;
